Mono path[0] = 'C:/Users/RavaRazan/Downloads/Research Rava/Game-Thesis-Real-Time-RLAgents/Builds/Code Crusader_Data/Managed'
Mono config path = 'C:/Users/RavaRazan/Downloads/Research Rava/Game-Thesis-Real-Time-RLAgents/Builds/MonoBleedingEdge/etc'
Found 1 interfaces on host : 0) 150.65.233.75
Player connection [80380]  Target information:

Player connection [80380]  * "[IP] 150.65.233.75 [Port] 55003 [Flags] 2 [Guid] 1111507973 [EditorId] 3010025928 [Version] 1048832 [Id] WindowsPlayer(2,DESKTOP-06TBHKH) [Debug] 0 [PackageName] WindowsPlayer [ProjectName] Code Crusader" 

Player connection [80380] Started UDP target info broadcast (1) on [225.0.0.222:54997].

Input System module state changed to: Initialized.
[Physics::Module] Initialized fallback backend.
[Physics::Module] Id: 0xdecafbad
Initialize engine version: 6000.0.38f1 (82314a941f2d)
[Subsystems] Discovering subsystems at path C:/Users/RavaRazan/Downloads/Research Rava/Game-Thesis-Real-Time-RLAgents/Builds/Code Crusader_Data/UnitySubsystems
Forcing GfxDevice: Null
GfxDevice: creating device client; kGfxThreadingModeNonThreaded
NullGfxDevice:
    Version:  NULL 1.0 [1.0]
    Renderer: Null Device
    Vendor:   Unity Technologies
Begin MonoManager ReloadAssembly
Symbol file LoadedFromMemory is not a mono symbol file
Symbol file LoadedFromMemory is not a mono symbol file
- Loaded All Assemblies, in  0.097 seconds
- Finished resetting the current domain, in  0.002 seconds
[Physics::Module] Selected backend.
[Physics::Module] Name: PhysX
[Physics::Module] Id: 0xf2b8ea05
[Physics::Module] SDK Version: 4.1.2
[Physics::Module] Integration Version: 1.0.0
[Physics::Module] Threading Mode: Multi-Threaded
ERROR: Shader Hidden/Universal Render Pipeline/LutBuilderLdr shader is not supported on this GPU (none of subshaders/fallbacks are suitable)
ERROR: Shader Hidden/Universal Render Pipeline/CameraMotionBlur shader is not supported on this GPU (none of subshaders/fallbacks are suitable)
ERROR: Shader Hidden/Universal Render Pipeline/TemporalAA shader is not supported on this GPU (none of subshaders/fallbacks are suitable)
ERROR: Shader Hidden/App UI/LinearProgress shader is not supported on this GPU (none of subshaders/fallbacks are suitable)
ERROR: Shader Hidden/Universal Render Pipeline/Scaling Setup shader is not supported on this GPU (none of subshaders/fallbacks are suitable)
ERROR: Shader Hidden/CoreSRP/CoreCopy shader is not supported on this GPU (none of subshaders/fallbacks are suitable)
ERROR: Shader Hidden/App UI/Mask shader is not supported on this GPU (none of subshaders/fallbacks are suitable)
ERROR: Shader Hidden/App UI/CircularProgress shader is not supported on this GPU (none of subshaders/fallbacks are suitable)
WARNING: Shader Unsupported: 'Hidden/Universal Render Pipeline/FallbackError' - All subshaders removed
WARNING: Shader Did you use #pragma only_renderers and omit this platform?
WARNING: Shader If subshaders removal was intentional, you may have forgotten turning Fallback off?
ERROR: Shader Hidden/Universal Render Pipeline/FallbackError shader is not supported on this GPU (none of subshaders/fallbacks are suitable)
WARNING: Shader Unsupported: 'Hidden/Universal Render Pipeline/FallbackError' - All subshaders removed
WARNING: Shader Did you use #pragma only_renderers and omit this platform?
WARNING: Shader If subshaders removal was intentional, you may have forgotten turning Fallback off?
WARNING: Shader Unsupported: 'Hidden/Universal Render Pipeline/StencilDeferred' - All subshaders removed
WARNING: Shader Did you use #pragma only_renderers and omit this platform?
WARNING: Shader If subshaders removal was intentional, you may have forgotten turning Fallback off?
WARNING: Shader Unsupported: 'Hidden/Universal Render Pipeline/StencilDeferred' - All subshaders removed
WARNING: Shader Did you use #pragma only_renderers and omit this platform?
WARNING: Shader If subshaders removal was intentional, you may have forgotten turning Fallback off?
ERROR: Shader Hidden/App UI/CanvasBackground shader is not supported on this GPU (none of subshaders/fallbacks are suitable)
ERROR: Shader Hidden/Universal Render Pipeline/GaussianDepthOfField shader is not supported on this GPU (none of subshaders/fallbacks are suitable)
ERROR: Shader Hidden/Universal Render Pipeline/Debug/DebugReplacement shader is not supported on this GPU (none of subshaders/fallbacks are suitable)
ERROR: Shader Hidden/App UI/Box shader is not supported on this GPU (none of subshaders/fallbacks are suitable)
ERROR: Shader Hidden/Universal Render Pipeline/LutBuilderHdr shader is not supported on this GPU (none of subshaders/fallbacks are suitable)
ERROR: Shader Hidden/Universal Render Pipeline/Sampling shader is not supported on this GPU (none of subshaders/fallbacks are suitable)
ERROR: Shader Hidden/Universal Render Pipeline/LensFlareDataDriven shader is not supported on this GPU (none of subshaders/fallbacks are suitable)
ERROR: Shader Hidden/App UI/SVSquare shader is not supported on this GPU (none of subshaders/fallbacks are suitable)
ERROR: Shader Hidden/Universal Render Pipeline/CameraMotionVectors shader is not supported on this GPU (none of subshaders/fallbacks are suitable)
ERROR: Shader Hidden/App UI/ColorSwatch shader is not supported on this GPU (none of subshaders/fallbacks are suitable)
ERROR: Shader Hidden/Universal Render Pipeline/UberPost shader is not supported on this GPU (none of subshaders/fallbacks are suitable)
ERROR: Shader Hidden/Universal Render Pipeline/Bloom shader is not supported on this GPU (none of subshaders/fallbacks are suitable)
ERROR: Shader Hidden/Universal Render Pipeline/BokehDepthOfField shader is not supported on this GPU (none of subshaders/fallbacks are suitable)
ERROR: Shader Hidden/Universal Render Pipeline/FinalPost shader is not supported on this GPU (none of subshaders/fallbacks are suitable)
ERROR: Shader Hidden/Universal Render Pipeline/CopyDepth shader is not supported on this GPU (none of subshaders/fallbacks are suitable)
ERROR: Shader Hidden/Universal Render Pipeline/SubpixelMorphologicalAntialiasing shader is not supported on this GPU (none of subshaders/fallbacks are suitable)
ERROR: Shader Hidden/Universal Render Pipeline/Stop NaN shader is not supported on this GPU (none of subshaders/fallbacks are suitable)
ERROR: Shader Hidden/App UI/ColorWheel shader is not supported on this GPU (none of subshaders/fallbacks are suitable)
ERROR: Shader Hidden/Universal/HDRDebugView shader is not supported on this GPU (none of subshaders/fallbacks are suitable)
ERROR: Shader Hidden/Universal Render Pipeline/LensFlareScreenSpace shader is not supported on this GPU (none of subshaders/fallbacks are suitable)
ERROR: Shader Hidden/Universal Render Pipeline/PaniniProjection shader is not supported on this GPU (none of subshaders/fallbacks are suitable)
ERROR: Shader Sprites/Default shader is not supported on this GPU (none of subshaders/fallbacks are suitable)
Microsoft Media Foundation video decoding to texture disabled: graphics device is Null, only Direct3D 11 and Direct3D 12 (only on desktop) are supported for hardware-accelerated video decoding.
ERROR: Shader Sprites/Mask shader is not supported on this GPU (none of subshaders/fallbacks are suitable)
WARNING: Shader Unsupported: 'Shader Graphs/Toon' - All subshaders removed
WARNING: Shader Did you use #pragma only_renderers and omit this platform?
WARNING: Shader If subshaders removal was intentional, you may have forgotten turning Fallback off?
ERROR: Shader Shader Graphs/Toon shader is not supported on this GPU (none of subshaders/fallbacks are suitable)
WARNING: Shader Unsupported: 'Shader Graphs/Toon' - All subshaders removed
WARNING: Shader Did you use #pragma only_renderers and omit this platform?
WARNING: Shader If subshaders removal was intentional, you may have forgotten turning Fallback off?
ERROR: Shader Skybox/6 Sided shader is not supported on this GPU (none of subshaders/fallbacks are suitable)
WARNING: Shader Unsupported: 'Shader Graphs/NeonShader' - All subshaders removed
WARNING: Shader Did you use #pragma only_renderers and omit this platform?
WARNING: Shader If subshaders removal was intentional, you may have forgotten turning Fallback off?
ERROR: Shader Shader Graphs/NeonShader shader is not supported on this GPU (none of subshaders/fallbacks are suitable)
WARNING: Shader Unsupported: 'Shader Graphs/NeonShader' - All subshaders removed
WARNING: Shader Did you use #pragma only_renderers and omit this platform?
WARNING: Shader If subshaders removal was intentional, you may have forgotten turning Fallback off?
ERROR: Shader Legacy Shaders/Particles/Additive shader is not supported on this GPU (none of subshaders/fallbacks are suitable)
WARNING: Shader Unsupported: 'Universal Render Pipeline/Lit' - All subshaders removed
WARNING: Shader Did you use #pragma only_renderers and omit this platform?
WARNING: Shader If subshaders removal was intentional, you may have forgotten turning Fallback off?
ERROR: Shader Universal Render Pipeline/Lit shader is not supported on this GPU (none of subshaders/fallbacks are suitable)
WARNING: Shader Unsupported: 'Universal Render Pipeline/Lit' - All subshaders removed
WARNING: Shader Did you use #pragma only_renderers and omit this platform?
WARNING: Shader If subshaders removal was intentional, you may have forgotten turning Fallback off?
ERROR: Shader Legacy Shaders/Particles/Additive (Soft) shader is not supported on this GPU (none of subshaders/fallbacks are suitable)
ERROR: Shader Legacy Shaders/VertexLit shader is not supported on this GPU (none of subshaders/fallbacks are suitable)
WARNING: Shader Unsupported: 'Particles/Standard Unlit' - All subshaders removed
WARNING: Shader Did you use #pragma only_renderers and omit this platform?
WARNING: Shader If subshaders removal was intentional, you may have forgotten turning Fallback off?
ERROR: Shader Particles/Standard Unlit shader is not supported on this GPU (none of subshaders/fallbacks are suitable)
WARNING: Shader Unsupported: 'Particles/Standard Unlit' - All subshaders removed
WARNING: Shader Did you use #pragma only_renderers and omit this platform?
WARNING: Shader If subshaders removal was intentional, you may have forgotten turning Fallback off?
WARNING: Shader Unsupported: 'Universal Render Pipeline/Particles/Unlit' - All subshaders removed
WARNING: Shader Did you use #pragma only_renderers and omit this platform?
WARNING: Shader If subshaders removal was intentional, you may have forgotten turning Fallback off?
ERROR: Shader Universal Render Pipeline/Particles/Unlit shader is not supported on this GPU (none of subshaders/fallbacks are suitable)
WARNING: Shader Unsupported: 'Universal Render Pipeline/Particles/Unlit' - All subshaders removed
WARNING: Shader Did you use #pragma only_renderers and omit this platform?
WARNING: Shader If subshaders removal was intentional, you may have forgotten turning Fallback off?
WARNING: Shader Unsupported: 'Standard' - All subshaders removed
WARNING: Shader Did you use #pragma only_renderers and omit this platform?
WARNING: Shader If subshaders removal was intentional, you may have forgotten turning Fallback off?
ERROR: Shader Standard shader is not supported on this GPU (none of subshaders/fallbacks are suitable)
WARNING: Shader Unsupported: 'Standard' - All subshaders removed
WARNING: Shader Did you use #pragma only_renderers and omit this platform?
WARNING: Shader If subshaders removal was intentional, you may have forgotten turning Fallback off?
UnloadTime: 0.384600 ms
Found 1 target spawners
UnityEngine.Debug:ExtractStackTraceNoAlloc (byte*,int,string)
UnityEngine.StackTraceUtility:ExtractStackTrace () (at C:/build/output/unity/unity/Runtime/Export/Scripting/StackTrace.cs:37)
UnityEngine.DebugLogHandler:Internal_Log (UnityEngine.LogType,UnityEngine.LogOption,string,UnityEngine.Object)
UnityEngine.DebugLogHandler:LogFormat (UnityEngine.LogType,UnityEngine.Object,string,object[])
UnityEngine.Logger:Log (UnityEngine.LogType,object)
UnityEngine.Debug:Log (object)
RL_TrainingManager:LogDebug (string) (at C:/Users/RavaRazan/Downloads/Research Rava/Game-Thesis-Real-Time-RLAgents/Assets/Script/RL Scripts/Training/RL_TrainingManager.cs:271)
RL_TrainingManager:ValidateComponents () (at C:/Users/RavaRazan/Downloads/Research Rava/Game-Thesis-Real-Time-RLAgents/Assets/Script/RL Scripts/Training/RL_TrainingManager.cs:107)
RL_TrainingManager:InitializeComponents () (at C:/Users/RavaRazan/Downloads/Research Rava/Game-Thesis-Real-Time-RLAgents/Assets/Script/RL Scripts/Training/RL_TrainingManager.cs:96)
RL_TrainingManager:Awake () (at C:/Users/RavaRazan/Downloads/Research Rava/Game-Thesis-Real-Time-RLAgents/Assets/Script/RL Scripts/Training/RL_TrainingManager.cs:21)

(Filename: C:/Users/RavaRazan/Downloads/Research Rava/Game-Thesis-Real-Time-RLAgents/Assets/Script/RL Scripts/Training/RL_TrainingManager.cs Line: 271)

Registered Communicator in Agent.
UnityEngine.Debug:ExtractStackTraceNoAlloc (byte*,int,string)
UnityEngine.StackTraceUtility:ExtractStackTrace () (at C:/build/output/unity/unity/Runtime/Export/Scripting/StackTrace.cs:37)
UnityEngine.DebugLogHandler:Internal_Log (UnityEngine.LogType,UnityEngine.LogOption,string,UnityEngine.Object)
UnityEngine.DebugLogHandler:LogFormat (UnityEngine.LogType,UnityEngine.Object,string,object[])
UnityEngine.Logger:Log (UnityEngine.LogType,object)
UnityEngine.Debug:Log (object)
Unity.MLAgents.Agent:Awake () (at ./Library/PackageCache/com.unity.ml-agents@0f918b8a6271/Runtime/Agent.cs:383)
UnityEngine.Object:Internal_InstantiateSingle (UnityEngine.Object,UnityEngine.Vector3,UnityEngine.Quaternion)
UnityEngine.Object:Instantiate (UnityEngine.Object,UnityEngine.Vector3,UnityEngine.Quaternion) (at C:/build/output/unity/unity/Runtime/Export/Scripting/UnityEngineObject.bindings.cs:350)
UnityEngine.Object:Instantiate<UnityEngine.GameObject> (UnityEngine.GameObject,UnityEngine.Vector3,UnityEngine.Quaternion) (at C:/build/output/unity/unity/Runtime/Export/Scripting/UnityEngineObject.bindings.cs:459)
RL_TrainingEnemySpawner/<SpawnRemainingEnemiesRandomly>d__22:MoveNext () (at C:/Users/RavaRazan/Downloads/Research Rava/Game-Thesis-Real-Time-RLAgents/Assets/Script/RL Scripts/Training/RL_TrainingEnemySpawner.cs:291)
UnityEngine.SetupCoroutine:InvokeMoveNext (System.Collections.IEnumerator,intptr) (at C:/build/output/unity/unity/Runtime/Export/Scripting/Coroutines.cs:17)
UnityEngine.MonoBehaviour:StartCoroutineManaged2 (System.Collections.IEnumerator)
UnityEngine.MonoBehaviour:StartCoroutine (System.Collections.IEnumerator) (at C:/build/output/unity/unity/Runtime/Export/Scripting/MonoBehaviour.bindings.cs:114)
RL_TrainingEnemySpawner/<SpawnEnemyTypeWithGridPattern>d__18:MoveNext () (at C:/Users/RavaRazan/Downloads/Research Rava/Game-Thesis-Real-Time-RLAgents/Assets/Script/RL Scripts/Training/RL_TrainingEnemySpawner.cs:177)
UnityEngine.SetupCoroutine:InvokeMoveNext (System.Collections.IEnumerator,intptr) (at C:/build/output/unity/unity/Runtime/Export/Scripting/Coroutines.cs:17)
UnityEngine.MonoBehaviour:StartCoroutineManaged2 (System.Collections.IEnumerator)
UnityEngine.MonoBehaviour:StartCoroutine (System.Collections.IEnumerator) (at C:/build/output/unity/unity/Runtime/Export/Scripting/MonoBehaviour.bindings.cs:114)
RL_TrainingEnemySpawner/<SpawnEnemiesInArena>d__17:MoveNext () (at C:/Users/RavaRazan/Downloads/Research Rava/Game-Thesis-Real-Time-RLAgents/Assets/Script/RL Scripts/Training/RL_TrainingEnemySpawner.cs:107)
UnityEngine.SetupCoroutine:InvokeMoveNext (System.Collections.IEnumerator,intptr) (at C:/build/output/unity/unity/Runtime/Export/Scripting/Coroutines.cs:17)
UnityEngine.MonoBehaviour:StartCoroutineManaged2 (System.Collections.IEnumerator)
UnityEngine.MonoBehaviour:StartCoroutine (System.Collections.IEnumerator) (at C:/build/output/unity/unity/Runtime/Export/Scripting/MonoBehaviour.bindings.cs:114)
RL_TrainingEnemySpawner/<InitializeAllArenasSequentially>d__14:MoveNext () (at C:/Users/RavaRazan/Downloads/Research Rava/Game-Thesis-Real-Time-RLAgents/Assets/Script/RL Scripts/Training/RL_TrainingEnemySpawner.cs:68)
UnityEngine.SetupCoroutine:InvokeMoveNext (System.Collections.IEnumerator,intptr) (at C:/build/output/unity/unity/Runtime/Export/Scripting/Coroutines.cs:17)
UnityEngine.MonoBehaviour:StartCoroutineManaged2 (System.Collections.IEnumerator)
UnityEngine.MonoBehaviour:StartCoroutine (System.Collections.IEnumerator) (at C:/build/output/unity/unity/Runtime/Export/Scripting/MonoBehaviour.bindings.cs:114)
RL_TrainingEnemySpawner:Start () (at C:/Users/RavaRazan/Downloads/Research Rava/Game-Thesis-Real-Time-RLAgents/Assets/Script/RL Scripts/Training/RL_TrainingEnemySpawner.cs:53)

(Filename: ./Library/PackageCache/com.unity.ml-agents@0f918b8a6271/Runtime/Agent.cs Line: 383)

Spawned remaining RL_Creep #1 in Arena 0 at (-97.66, 0.88, 38.18) with preserved scale (0.18, 0.18, 0.23)
UnityEngine.Debug:ExtractStackTraceNoAlloc (byte*,int,string)
UnityEngine.StackTraceUtility:ExtractStackTrace () (at C:/build/output/unity/unity/Runtime/Export/Scripting/StackTrace.cs:37)
UnityEngine.DebugLogHandler:Internal_Log (UnityEngine.LogType,UnityEngine.LogOption,string,UnityEngine.Object)
UnityEngine.DebugLogHandler:LogFormat (UnityEngine.LogType,UnityEngine.Object,string,object[])
UnityEngine.Logger:Log (UnityEngine.LogType,object)
UnityEngine.Debug:Log (object)
RL_TrainingEnemySpawner/<SpawnRemainingEnemiesRandomly>d__22:MoveNext () (at C:/Users/RavaRazan/Downloads/Research Rava/Game-Thesis-Real-Time-RLAgents/Assets/Script/RL Scripts/Training/RL_TrainingEnemySpawner.cs:316)
UnityEngine.SetupCoroutine:InvokeMoveNext (System.Collections.IEnumerator,intptr) (at C:/build/output/unity/unity/Runtime/Export/Scripting/Coroutines.cs:17)
UnityEngine.MonoBehaviour:StartCoroutineManaged2 (System.Collections.IEnumerator)
UnityEngine.MonoBehaviour:StartCoroutine (System.Collections.IEnumerator) (at C:/build/output/unity/unity/Runtime/Export/Scripting/MonoBehaviour.bindings.cs:114)
RL_TrainingEnemySpawner/<SpawnEnemyTypeWithGridPattern>d__18:MoveNext () (at C:/Users/RavaRazan/Downloads/Research Rava/Game-Thesis-Real-Time-RLAgents/Assets/Script/RL Scripts/Training/RL_TrainingEnemySpawner.cs:177)
UnityEngine.SetupCoroutine:InvokeMoveNext (System.Collections.IEnumerator,intptr) (at C:/build/output/unity/unity/Runtime/Export/Scripting/Coroutines.cs:17)
UnityEngine.MonoBehaviour:StartCoroutineManaged2 (System.Collections.IEnumerator)
UnityEngine.MonoBehaviour:StartCoroutine (System.Collections.IEnumerator) (at C:/build/output/unity/unity/Runtime/Export/Scripting/MonoBehaviour.bindings.cs:114)
RL_TrainingEnemySpawner/<SpawnEnemiesInArena>d__17:MoveNext () (at C:/Users/RavaRazan/Downloads/Research Rava/Game-Thesis-Real-Time-RLAgents/Assets/Script/RL Scripts/Training/RL_TrainingEnemySpawner.cs:107)
UnityEngine.SetupCoroutine:InvokeMoveNext (System.Collections.IEnumerator,intptr) (at C:/build/output/unity/unity/Runtime/Export/Scripting/Coroutines.cs:17)
UnityEngine.MonoBehaviour:StartCoroutineManaged2 (System.Collections.IEnumerator)
UnityEngine.MonoBehaviour:StartCoroutine (System.Collections.IEnumerator) (at C:/build/output/unity/unity/Runtime/Export/Scripting/MonoBehaviour.bindings.cs:114)
RL_TrainingEnemySpawner/<InitializeAllArenasSequentially>d__14:MoveNext () (at C:/Users/RavaRazan/Downloads/Research Rava/Game-Thesis-Real-Time-RLAgents/Assets/Script/RL Scripts/Training/RL_TrainingEnemySpawner.cs:68)
UnityEngine.SetupCoroutine:InvokeMoveNext (System.Collections.IEnumerator,intptr) (at C:/build/output/unity/unity/Runtime/Export/Scripting/Coroutines.cs:17)
UnityEngine.MonoBehaviour:StartCoroutineManaged2 (System.Collections.IEnumerator)
UnityEngine.MonoBehaviour:StartCoroutine (System.Collections.IEnumerator) (at C:/build/output/unity/unity/Runtime/Export/Scripting/MonoBehaviour.bindings.cs:114)
RL_TrainingEnemySpawner:Start () (at C:/Users/RavaRazan/Downloads/Research Rava/Game-Thesis-Real-Time-RLAgents/Assets/Script/RL Scripts/Training/RL_TrainingEnemySpawner.cs:53)

(Filename: C:/Users/RavaRazan/Downloads/Research Rava/Game-Thesis-Real-Time-RLAgents/Assets/Script/RL Scripts/Training/RL_TrainingEnemySpawner.cs Line: 316)

ERROR: Shader UI/Default shader is not supported on this GPU (none of subshaders/fallbacks are suitable)
Spawned remaining RL_Humanoid #1 in Arena 0 at (-97.54, 0.88, 28.71) with preserved scale (0.80, 0.80, 0.80)
UnityEngine.Debug:ExtractStackTraceNoAlloc (byte*,int,string)
UnityEngine.StackTraceUtility:ExtractStackTrace () (at C:/build/output/unity/unity/Runtime/Export/Scripting/StackTrace.cs:37)
UnityEngine.DebugLogHandler:Internal_Log (UnityEngine.LogType,UnityEngine.LogOption,string,UnityEngine.Object)
UnityEngine.DebugLogHandler:LogFormat (UnityEngine.LogType,UnityEngine.Object,string,object[])
UnityEngine.Logger:Log (UnityEngine.LogType,object)
UnityEngine.Debug:Log (object)
RL_TrainingEnemySpawner/<SpawnRemainingEnemiesRandomly>d__22:MoveNext () (at C:/Users/RavaRazan/Downloads/Research Rava/Game-Thesis-Real-Time-RLAgents/Assets/Script/RL Scripts/Training/RL_TrainingEnemySpawner.cs:316)
UnityEngine.SetupCoroutine:InvokeMoveNext (System.Collections.IEnumerator,intptr) (at C:/build/output/unity/unity/Runtime/Export/Scripting/Coroutines.cs:17)
UnityEngine.MonoBehaviour:StartCoroutineManaged2 (System.Collections.IEnumerator)
UnityEngine.MonoBehaviour:StartCoroutine (System.Collections.IEnumerator) (at C:/build/output/unity/unity/Runtime/Export/Scripting/MonoBehaviour.bindings.cs:114)
RL_TrainingEnemySpawner/<SpawnEnemyTypeWithGridPattern>d__18:MoveNext () (at C:/Users/RavaRazan/Downloads/Research Rava/Game-Thesis-Real-Time-RLAgents/Assets/Script/RL Scripts/Training/RL_TrainingEnemySpawner.cs:177)
UnityEngine.SetupCoroutine:InvokeMoveNext (System.Collections.IEnumerator,intptr) (at C:/build/output/unity/unity/Runtime/Export/Scripting/Coroutines.cs:17)
UnityEngine.MonoBehaviour:StartCoroutineManaged2 (System.Collections.IEnumerator)
UnityEngine.MonoBehaviour:StartCoroutine (System.Collections.IEnumerator) (at C:/build/output/unity/unity/Runtime/Export/Scripting/MonoBehaviour.bindings.cs:114)
RL_TrainingEnemySpawner/<SpawnEnemiesInArena>d__17:MoveNext () (at C:/Users/RavaRazan/Downloads/Research Rava/Game-Thesis-Real-Time-RLAgents/Assets/Script/RL Scripts/Training/RL_TrainingEnemySpawner.cs:112)
UnityEngine.SetupCoroutine:InvokeMoveNext (System.Collections.IEnumerator,intptr) (at C:/build/output/unity/unity/Runtime/Export/Scripting/Coroutines.cs:17)

(Filename: C:/Users/RavaRazan/Downloads/Research Rava/Game-Thesis-Real-Time-RLAgents/Assets/Script/RL Scripts/Training/RL_TrainingEnemySpawner.cs Line: 316)

Configuring 1 target spawners - Spawning enabled: True
UnityEngine.Debug:ExtractStackTraceNoAlloc (byte*,int,string)
UnityEngine.StackTraceUtility:ExtractStackTrace () (at C:/build/output/unity/unity/Runtime/Export/Scripting/StackTrace.cs:37)
UnityEngine.DebugLogHandler:Internal_Log (UnityEngine.LogType,UnityEngine.LogOption,string,UnityEngine.Object)
UnityEngine.DebugLogHandler:LogFormat (UnityEngine.LogType,UnityEngine.Object,string,object[])
UnityEngine.Logger:Log (UnityEngine.LogType,object)
UnityEngine.Debug:Log (object)
RL_TrainingManager:LogDebug (string) (at C:/Users/RavaRazan/Downloads/Research Rava/Game-Thesis-Real-Time-RLAgents/Assets/Script/RL Scripts/Training/RL_TrainingManager.cs:271)
RL_TrainingManager:ConfigureAllTargetSpawners () (at C:/Users/RavaRazan/Downloads/Research Rava/Game-Thesis-Real-Time-RLAgents/Assets/Script/RL Scripts/Training/RL_TrainingManager.cs:227)
RL_TrainingManager/<InitializeTrainingSession>d__22:MoveNext () (at C:/Users/RavaRazan/Downloads/Research Rava/Game-Thesis-Real-Time-RLAgents/Assets/Script/RL Scripts/Training/RL_TrainingManager.cs:115)
UnityEngine.SetupCoroutine:InvokeMoveNext (System.Collections.IEnumerator,intptr) (at C:/build/output/unity/unity/Runtime/Export/Scripting/Coroutines.cs:17)

(Filename: C:/Users/RavaRazan/Downloads/Research Rava/Game-Thesis-Real-Time-RLAgents/Assets/Script/RL Scripts/Training/RL_TrainingManager.cs Line: 271)

Refreshed agent list: Found 2 total agents (2 active)
UnityEngine.Debug:ExtractStackTraceNoAlloc (byte*,int,string)
UnityEngine.StackTraceUtility:ExtractStackTrace () (at C:/build/output/unity/unity/Runtime/Export/Scripting/StackTrace.cs:37)
UnityEngine.DebugLogHandler:Internal_Log (UnityEngine.LogType,UnityEngine.LogOption,string,UnityEngine.Object)
UnityEngine.DebugLogHandler:LogFormat (UnityEngine.LogType,UnityEngine.Object,string,object[])
UnityEngine.Logger:Log (UnityEngine.LogType,object)
UnityEngine.Debug:Log (object)
RL_TrainingManager:LogDebug (string) (at C:/Users/RavaRazan/Downloads/Research Rava/Game-Thesis-Real-Time-RLAgents/Assets/Script/RL Scripts/Training/RL_TrainingManager.cs:271)
RL_TrainingManager:RefreshAgentList () (at C:/Users/RavaRazan/Downloads/Research Rava/Game-Thesis-Real-Time-RLAgents/Assets/Script/RL Scripts/Training/RL_TrainingManager.cs:196)
RL_TrainingManager/<InitializeTrainingSession>d__22:MoveNext () (at C:/Users/RavaRazan/Downloads/Research Rava/Game-Thesis-Real-Time-RLAgents/Assets/Script/RL Scripts/Training/RL_TrainingManager.cs:119)
UnityEngine.SetupCoroutine:InvokeMoveNext (System.Collections.IEnumerator,intptr) (at C:/build/output/unity/unity/Runtime/Export/Scripting/Coroutines.cs:17)

(Filename: C:/Users/RavaRazan/Downloads/Research Rava/Game-Thesis-Real-Time-RLAgents/Assets/Script/RL Scripts/Training/RL_TrainingManager.cs Line: 271)

Training started with 2 agents across 1 arenas
UnityEngine.Debug:ExtractStackTraceNoAlloc (byte*,int,string)
UnityEngine.StackTraceUtility:ExtractStackTrace () (at C:/build/output/unity/unity/Runtime/Export/Scripting/StackTrace.cs:37)
UnityEngine.DebugLogHandler:Internal_Log (UnityEngine.LogType,UnityEngine.LogOption,string,UnityEngine.Object)
UnityEngine.DebugLogHandler:LogFormat (UnityEngine.LogType,UnityEngine.Object,string,object[])
UnityEngine.Logger:Log (UnityEngine.LogType,object)
UnityEngine.Debug:Log (object)
RL_TrainingManager:LogDebug (string) (at C:/Users/RavaRazan/Downloads/Research Rava/Game-Thesis-Real-Time-RLAgents/Assets/Script/RL Scripts/Training/RL_TrainingManager.cs:271)
RL_TrainingManager/<InitializeTrainingSession>d__22:MoveNext () (at C:/Users/RavaRazan/Downloads/Research Rava/Game-Thesis-Real-Time-RLAgents/Assets/Script/RL Scripts/Training/RL_TrainingManager.cs:120)
UnityEngine.SetupCoroutine:InvokeMoveNext (System.Collections.IEnumerator,intptr) (at C:/build/output/unity/unity/Runtime/Export/Scripting/Coroutines.cs:17)

(Filename: C:/Users/RavaRazan/Downloads/Research Rava/Game-Thesis-Real-Time-RLAgents/Assets/Script/RL Scripts/Training/RL_TrainingManager.cs Line: 271)

Spawned remaining RL_Bull #1 in Arena 0 at (-92.73, 0.87, 27.89) with preserved scale (0.18, 0.18, 0.18)
UnityEngine.Debug:ExtractStackTraceNoAlloc (byte*,int,string)
UnityEngine.StackTraceUtility:ExtractStackTrace () (at C:/build/output/unity/unity/Runtime/Export/Scripting/StackTrace.cs:37)
UnityEngine.DebugLogHandler:Internal_Log (UnityEngine.LogType,UnityEngine.LogOption,string,UnityEngine.Object)
UnityEngine.DebugLogHandler:LogFormat (UnityEngine.LogType,UnityEngine.Object,string,object[])
UnityEngine.Logger:Log (UnityEngine.LogType,object)
UnityEngine.Debug:Log (object)
RL_TrainingEnemySpawner/<SpawnRemainingEnemiesRandomly>d__22:MoveNext () (at C:/Users/RavaRazan/Downloads/Research Rava/Game-Thesis-Real-Time-RLAgents/Assets/Script/RL Scripts/Training/RL_TrainingEnemySpawner.cs:316)
UnityEngine.SetupCoroutine:InvokeMoveNext (System.Collections.IEnumerator,intptr) (at C:/build/output/unity/unity/Runtime/Export/Scripting/Coroutines.cs:17)
UnityEngine.MonoBehaviour:StartCoroutineManaged2 (System.Collections.IEnumerator)
UnityEngine.MonoBehaviour:StartCoroutine (System.Collections.IEnumerator) (at C:/build/output/unity/unity/Runtime/Export/Scripting/MonoBehaviour.bindings.cs:114)
RL_TrainingEnemySpawner/<SpawnEnemyTypeWithGridPattern>d__18:MoveNext () (at C:/Users/RavaRazan/Downloads/Research Rava/Game-Thesis-Real-Time-RLAgents/Assets/Script/RL Scripts/Training/RL_TrainingEnemySpawner.cs:177)
UnityEngine.SetupCoroutine:InvokeMoveNext (System.Collections.IEnumerator,intptr) (at C:/build/output/unity/unity/Runtime/Export/Scripting/Coroutines.cs:17)
UnityEngine.MonoBehaviour:StartCoroutineManaged2 (System.Collections.IEnumerator)
UnityEngine.MonoBehaviour:StartCoroutine (System.Collections.IEnumerator) (at C:/build/output/unity/unity/Runtime/Export/Scripting/MonoBehaviour.bindings.cs:114)
RL_TrainingEnemySpawner/<SpawnEnemiesInArena>d__17:MoveNext () (at C:/Users/RavaRazan/Downloads/Research Rava/Game-Thesis-Real-Time-RLAgents/Assets/Script/RL Scripts/Training/RL_TrainingEnemySpawner.cs:117)
UnityEngine.SetupCoroutine:InvokeMoveNext (System.Collections.IEnumerator,intptr) (at C:/build/output/unity/unity/Runtime/Export/Scripting/Coroutines.cs:17)

(Filename: C:/Users/RavaRazan/Downloads/Research Rava/Game-Thesis-Real-Time-RLAgents/Assets/Script/RL Scripts/Training/RL_TrainingEnemySpawner.cs Line: 316)

